{
  "properties": {
    "code": {
      "type": "string"
    },
    "name": {
      "type": "string"
    },
    "value": {
      "type": "string"
    }
  }
}